// Jest Snapshot v1, https://goo.gl/fbAQLP

exports[`App component renders the app component 1`] = `
<h1>
  AvatarList
</h1>
`;
